// Jest Snapshot v1, https://goo.gl/fbAQLP

exports[`should take a snapshot 1`] = `
<DocumentFragment>
  <div
    class="main-container"
  >
    <div
      class="header"
    >
       Simple To-Do App 
    </div>
  </div>
</DocumentFragment>
`;
